renew-vps	Set up job	Ôªø2025-12-15T09:16:06.0484074Z Current runner version: '2.329.0'
renew-vps	Set up job	2025-12-15T09:16:06.0508631Z ##[group]Runner Image Provisioner
renew-vps	Set up job	2025-12-15T09:16:06.0509473Z Hosted Compute Agent
renew-vps	Set up job	2025-12-15T09:16:06.0510143Z Version: 20251202.455
renew-vps	Set up job	2025-12-15T09:16:06.0510787Z Commit: 6c10caca4910e198df60de23adf20ad317c474e3
renew-vps	Set up job	2025-12-15T09:16:06.0511506Z Build Date: 2025-12-02T15:56:59Z
renew-vps	Set up job	2025-12-15T09:16:06.0512292Z Worker ID: {944a9c42-5609-46fb-8a15-51aa247d2a3b}
renew-vps	Set up job	2025-12-15T09:16:06.0513343Z ##[endgroup]
renew-vps	Set up job	2025-12-15T09:16:06.0514066Z ##[group]Operating System
renew-vps	Set up job	2025-12-15T09:16:06.0514680Z Ubuntu
renew-vps	Set up job	2025-12-15T09:16:06.0515184Z 24.04.3
renew-vps	Set up job	2025-12-15T09:16:06.0515760Z LTS
renew-vps	Set up job	2025-12-15T09:16:06.0516261Z ##[endgroup]
renew-vps	Set up job	2025-12-15T09:16:06.0516779Z ##[group]Runner Image
renew-vps	Set up job	2025-12-15T09:16:06.0517433Z Image: ubuntu-24.04
renew-vps	Set up job	2025-12-15T09:16:06.0517986Z Version: 20251208.163.1
renew-vps	Set up job	2025-12-15T09:16:06.0519259Z Included Software: https://github.com/actions/runner-images/blob/ubuntu24/20251208.163/images/ubuntu/Ubuntu2404-Readme.md
renew-vps	Set up job	2025-12-15T09:16:06.0520849Z Image Release: https://github.com/actions/runner-images/releases/tag/ubuntu24%2F20251208.163
renew-vps	Set up job	2025-12-15T09:16:06.0522091Z ##[endgroup]
renew-vps	Set up job	2025-12-15T09:16:06.0523524Z ##[group]GITHUB_TOKEN Permissions
renew-vps	Set up job	2025-12-15T09:16:06.0525681Z Contents: read
renew-vps	Set up job	2025-12-15T09:16:06.0526295Z Metadata: read
renew-vps	Set up job	2025-12-15T09:16:06.0526832Z Packages: read
renew-vps	Set up job	2025-12-15T09:16:06.0527472Z ##[endgroup]
renew-vps	Set up job	2025-12-15T09:16:06.0529484Z Secret source: Actions
renew-vps	Set up job	2025-12-15T09:16:06.0530831Z Prepare workflow directory
renew-vps	Set up job	2025-12-15T09:16:06.0855949Z Prepare all required actions
renew-vps	Set up job	2025-12-15T09:16:06.0893796Z Getting action download info
renew-vps	Set up job	2025-12-15T09:16:06.4047614Z Download action repository 'actions/checkout@v4' (SHA:34e114876b0b11c390a56381ad16ebd13914f8d5)
renew-vps	Set up job	2025-12-15T09:16:06.5000035Z Download action repository 'actions/setup-python@v4' (SHA:7f4fc3e22c37d6ff65e88745f38bd3157c663f7c)
renew-vps	Set up job	2025-12-15T09:16:06.6625680Z Complete job name: renew-vps
renew-vps	Checkout repository	Ôªø2025-12-15T09:16:06.7288682Z ##[group]Run actions/checkout@v4
renew-vps	Checkout repository	2025-12-15T09:16:06.7289555Z with:
renew-vps	Checkout repository	2025-12-15T09:16:06.7290016Z   repository: Michaol/euserv-renewal-bot
renew-vps	Checkout repository	2025-12-15T09:16:06.7290751Z   token: ***
renew-vps	Checkout repository	2025-12-15T09:16:06.7291222Z   ssh-strict: true
renew-vps	Checkout repository	2025-12-15T09:16:06.7291655Z   ssh-user: git
renew-vps	Checkout repository	2025-12-15T09:16:06.7292099Z   persist-credentials: true
renew-vps	Checkout repository	2025-12-15T09:16:06.7292737Z   clean: true
renew-vps	Checkout repository	2025-12-15T09:16:06.7293180Z   sparse-checkout-cone-mode: true
renew-vps	Checkout repository	2025-12-15T09:16:06.7293750Z   fetch-depth: 1
renew-vps	Checkout repository	2025-12-15T09:16:06.7294166Z   fetch-tags: false
renew-vps	Checkout repository	2025-12-15T09:16:06.7294600Z   show-progress: true
renew-vps	Checkout repository	2025-12-15T09:16:06.7295041Z   lfs: false
renew-vps	Checkout repository	2025-12-15T09:16:06.7295454Z   submodules: false
renew-vps	Checkout repository	2025-12-15T09:16:06.7295902Z   set-safe-directory: true
renew-vps	Checkout repository	2025-12-15T09:16:06.7296623Z ##[endgroup]
renew-vps	Checkout repository	2025-12-15T09:16:06.8349035Z Syncing repository: Michaol/euserv-renewal-bot
renew-vps	Checkout repository	2025-12-15T09:16:06.8350816Z ##[group]Getting Git version info
renew-vps	Checkout repository	2025-12-15T09:16:06.8351670Z Working directory is '/home/runner/work/euserv-renewal-bot/euserv-renewal-bot'
renew-vps	Checkout repository	2025-12-15T09:16:06.8353267Z [command]/usr/bin/git version
renew-vps	Checkout repository	2025-12-15T09:16:06.8449187Z git version 2.52.0
renew-vps	Checkout repository	2025-12-15T09:16:06.8475057Z ##[endgroup]
renew-vps	Checkout repository	2025-12-15T09:16:06.8488447Z Temporarily overriding HOME='/home/runner/work/_temp/1bdf4cc6-df4c-47f6-8c9e-440d448839d8' before making global git config changes
renew-vps	Checkout repository	2025-12-15T09:16:06.8489844Z Adding repository directory to the temporary git global config as a safe directory
renew-vps	Checkout repository	2025-12-15T09:16:06.8500506Z [command]/usr/bin/git config --global --add safe.directory /home/runner/work/euserv-renewal-bot/euserv-renewal-bot
renew-vps	Checkout repository	2025-12-15T09:16:06.8540684Z Deleting the contents of '/home/runner/work/euserv-renewal-bot/euserv-renewal-bot'
renew-vps	Checkout repository	2025-12-15T09:16:06.8544201Z ##[group]Initializing the repository
renew-vps	Checkout repository	2025-12-15T09:16:06.8547995Z [command]/usr/bin/git init /home/runner/work/euserv-renewal-bot/euserv-renewal-bot
renew-vps	Checkout repository	2025-12-15T09:16:06.8677554Z hint: Using 'master' as the name for the initial branch. This default branch name
renew-vps	Checkout repository	2025-12-15T09:16:06.8678787Z hint: will change to "main" in Git 3.0. To configure the initial branch name
renew-vps	Checkout repository	2025-12-15T09:16:06.8679745Z hint: to use in all of your new repositories, which will suppress this warning,
renew-vps	Checkout repository	2025-12-15T09:16:06.8680726Z hint: call:
renew-vps	Checkout repository	2025-12-15T09:16:06.8681129Z hint:
renew-vps	Checkout repository	2025-12-15T09:16:06.8681639Z hint: 	git config --global init.defaultBranch <name>
renew-vps	Checkout repository	2025-12-15T09:16:06.8682470Z hint:
renew-vps	Checkout repository	2025-12-15T09:16:06.8683757Z hint: Names commonly chosen instead of 'master' are 'main', 'trunk' and
renew-vps	Checkout repository	2025-12-15T09:16:06.8684704Z hint: 'development'. The just-created branch can be renamed via this command:
renew-vps	Checkout repository	2025-12-15T09:16:06.8685445Z hint:
renew-vps	Checkout repository	2025-12-15T09:16:06.8685861Z hint: 	git branch -m <name>
renew-vps	Checkout repository	2025-12-15T09:16:06.8686338Z hint:
renew-vps	Checkout repository	2025-12-15T09:16:06.8686949Z hint: Disable this message with "git config set advice.defaultBranchName false"
renew-vps	Checkout repository	2025-12-15T09:16:06.8688521Z Initialized empty Git repository in /home/runner/work/euserv-renewal-bot/euserv-renewal-bot/.git/
renew-vps	Checkout repository	2025-12-15T09:16:06.8694156Z [command]/usr/bin/git remote add origin https://github.com/Michaol/euserv-renewal-bot
renew-vps	Checkout repository	2025-12-15T09:16:06.8727011Z ##[endgroup]
renew-vps	Checkout repository	2025-12-15T09:16:06.8727809Z ##[group]Disabling automatic garbage collection
renew-vps	Checkout repository	2025-12-15T09:16:06.8731122Z [command]/usr/bin/git config --local gc.auto 0
renew-vps	Checkout repository	2025-12-15T09:16:06.8758694Z ##[endgroup]
renew-vps	Checkout repository	2025-12-15T09:16:06.8759425Z ##[group]Setting up auth
renew-vps	Checkout repository	2025-12-15T09:16:06.8765544Z [command]/usr/bin/git config --local --name-only --get-regexp core\.sshCommand
renew-vps	Checkout repository	2025-12-15T09:16:06.8794952Z [command]/usr/bin/git submodule foreach --recursive sh -c "git config --local --name-only --get-regexp 'core\.sshCommand' && git config --local --unset-all 'core.sshCommand' || :"
renew-vps	Checkout repository	2025-12-15T09:16:06.9184107Z [command]/usr/bin/git config --local --name-only --get-regexp http\.https\:\/\/github\.com\/\.extraheader
renew-vps	Checkout repository	2025-12-15T09:16:06.9211989Z [command]/usr/bin/git submodule foreach --recursive sh -c "git config --local --name-only --get-regexp 'http\.https\:\/\/github\.com\/\.extraheader' && git config --local --unset-all 'http.https://github.com/.extraheader' || :"
renew-vps	Checkout repository	2025-12-15T09:16:06.9428469Z [command]/usr/bin/git config --local --name-only --get-regexp ^includeIf\.gitdir:
renew-vps	Checkout repository	2025-12-15T09:16:06.9458331Z [command]/usr/bin/git submodule foreach --recursive git config --local --show-origin --name-only --get-regexp remote.origin.url
renew-vps	Checkout repository	2025-12-15T09:16:06.9686309Z [command]/usr/bin/git config --local http.https://github.com/.extraheader AUTHORIZATION: basic ***
renew-vps	Checkout repository	2025-12-15T09:16:06.9720677Z ##[endgroup]
renew-vps	Checkout repository	2025-12-15T09:16:06.9722098Z ##[group]Fetching the repository
renew-vps	Checkout repository	2025-12-15T09:16:06.9730247Z [command]/usr/bin/git -c protocol.version=2 fetch --no-tags --prune --no-recurse-submodules --depth=1 origin +b76c144f15b61a01cd8cb80703e4417668cd0ecf:refs/remotes/origin/main
renew-vps	Checkout repository	2025-12-15T09:16:07.1638144Z From https://github.com/Michaol/euserv-renewal-bot
renew-vps	Checkout repository	2025-12-15T09:16:07.1639037Z  * [new ref]         b76c144f15b61a01cd8cb80703e4417668cd0ecf -> origin/main
renew-vps	Checkout repository	2025-12-15T09:16:07.1671446Z ##[endgroup]
renew-vps	Checkout repository	2025-12-15T09:16:07.1672934Z ##[group]Determining the checkout info
renew-vps	Checkout repository	2025-12-15T09:16:07.1674505Z ##[endgroup]
renew-vps	Checkout repository	2025-12-15T09:16:07.1679681Z [command]/usr/bin/git sparse-checkout disable
renew-vps	Checkout repository	2025-12-15T09:16:07.1721202Z [command]/usr/bin/git config --local --unset-all extensions.worktreeConfig
renew-vps	Checkout repository	2025-12-15T09:16:07.1747298Z ##[group]Checking out the ref
renew-vps	Checkout repository	2025-12-15T09:16:07.1751643Z [command]/usr/bin/git checkout --progress --force -B main refs/remotes/origin/main
renew-vps	Checkout repository	2025-12-15T09:16:07.1801703Z Switched to a new branch 'main'
renew-vps	Checkout repository	2025-12-15T09:16:07.1804755Z branch 'main' set up to track 'origin/main'.
renew-vps	Checkout repository	2025-12-15T09:16:07.1811084Z ##[endgroup]
renew-vps	Checkout repository	2025-12-15T09:16:07.1844406Z [command]/usr/bin/git log -1 --format=%H
renew-vps	Checkout repository	2025-12-15T09:16:07.1866049Z b76c144f15b61a01cd8cb80703e4417668cd0ecf
renew-vps	Set up Python	Ôªø2025-12-15T09:16:07.2099853Z ##[group]Run actions/setup-python@v4
renew-vps	Set up Python	2025-12-15T09:16:07.2100423Z with:
renew-vps	Set up Python	2025-12-15T09:16:07.2100817Z   python-version: 3.x
renew-vps	Set up Python	2025-12-15T09:16:07.2101265Z   check-latest: false
renew-vps	Set up Python	2025-12-15T09:16:07.2101837Z   token: ***
renew-vps	Set up Python	2025-12-15T09:16:07.2102262Z   update-environment: true
renew-vps	Set up Python	2025-12-15T09:16:07.2103069Z   allow-prereleases: false
renew-vps	Set up Python	2025-12-15T09:16:07.2103539Z ##[endgroup]
renew-vps	Set up Python	2025-12-15T09:16:07.3792430Z ##[group]Installed versions
renew-vps	Set up Python	2025-12-15T09:16:07.3924317Z Successfully set up CPython (3.14.2)
renew-vps	Set up Python	2025-12-15T09:16:07.3926618Z ##[endgroup]
renew-vps	Install dependencies	Ôªø2025-12-15T09:16:07.4060708Z ##[group]Run python -m pip install --upgrade pip
renew-vps	Install dependencies	2025-12-15T09:16:07.4061938Z [36;1mpython -m pip install --upgrade pip[0m
renew-vps	Install dependencies	2025-12-15T09:16:07.4063619Z [36;1mif [ -f requirements.txt ]; then pip install -r requirements.txt; fi[0m
renew-vps	Install dependencies	2025-12-15T09:16:07.4108719Z shell: /usr/bin/bash -e {0}
renew-vps	Install dependencies	2025-12-15T09:16:07.4109455Z env:
renew-vps	Install dependencies	2025-12-15T09:16:07.4110174Z   pythonLocation: /opt/hostedtoolcache/Python/3.14.2/x64
renew-vps	Install dependencies	2025-12-15T09:16:07.4111650Z   PKG_CONFIG_PATH: /opt/hostedtoolcache/Python/3.14.2/x64/lib/pkgconfig
renew-vps	Install dependencies	2025-12-15T09:16:07.4113329Z   Python_ROOT_DIR: /opt/hostedtoolcache/Python/3.14.2/x64
renew-vps	Install dependencies	2025-12-15T09:16:07.4114605Z   Python2_ROOT_DIR: /opt/hostedtoolcache/Python/3.14.2/x64
renew-vps	Install dependencies	2025-12-15T09:16:07.4115868Z   Python3_ROOT_DIR: /opt/hostedtoolcache/Python/3.14.2/x64
renew-vps	Install dependencies	2025-12-15T09:16:07.4117154Z   LD_LIBRARY_PATH: /opt/hostedtoolcache/Python/3.14.2/x64/lib
renew-vps	Install dependencies	2025-12-15T09:16:07.4118176Z ##[endgroup]
renew-vps	Install dependencies	2025-12-15T09:16:08.7092179Z Requirement already satisfied: pip in /opt/hostedtoolcache/Python/3.14.2/x64/lib/python3.14/site-packages (25.3)
renew-vps	Install dependencies	2025-12-15T09:16:09.4116810Z Collecting requests (from -r requirements.txt (line 1))
renew-vps	Install dependencies	2025-12-15T09:16:09.4784704Z   Downloading requests-2.32.5-py3-none-any.whl.metadata (4.9 kB)
renew-vps	Install dependencies	2025-12-15T09:16:09.5040731Z Collecting beautifulsoup4 (from -r requirements.txt (line 2))
renew-vps	Install dependencies	2025-12-15T09:16:09.5117678Z   Downloading beautifulsoup4-4.14.3-py3-none-any.whl.metadata (3.8 kB)
renew-vps	Install dependencies	2025-12-15T09:16:09.6143937Z Collecting charset_normalizer<4,>=2 (from requests->-r requirements.txt (line 1))
renew-vps	Install dependencies	2025-12-15T09:16:09.6222054Z   Downloading charset_normalizer-3.4.4-cp314-cp314-manylinux2014_x86_64.manylinux_2_17_x86_64.manylinux_2_28_x86_64.whl.metadata (37 kB)
renew-vps	Install dependencies	2025-12-15T09:16:09.6536811Z Collecting idna<4,>=2.5 (from requests->-r requirements.txt (line 1))
renew-vps	Install dependencies	2025-12-15T09:16:09.6606252Z   Downloading idna-3.11-py3-none-any.whl.metadata (8.4 kB)
renew-vps	Install dependencies	2025-12-15T09:16:09.6937635Z Collecting urllib3<3,>=1.21.1 (from requests->-r requirements.txt (line 1))
renew-vps	Install dependencies	2025-12-15T09:16:09.7011226Z   Downloading urllib3-2.6.2-py3-none-any.whl.metadata (6.6 kB)
renew-vps	Install dependencies	2025-12-15T09:16:09.7280500Z Collecting certifi>=2017.4.17 (from requests->-r requirements.txt (line 1))
renew-vps	Install dependencies	2025-12-15T09:16:09.7350398Z   Downloading certifi-2025.11.12-py3-none-any.whl.metadata (2.5 kB)
renew-vps	Install dependencies	2025-12-15T09:16:09.7579536Z Collecting soupsieve>=1.6.1 (from beautifulsoup4->-r requirements.txt (line 2))
renew-vps	Install dependencies	2025-12-15T09:16:09.7648173Z   Downloading soupsieve-2.8-py3-none-any.whl.metadata (4.6 kB)
renew-vps	Install dependencies	2025-12-15T09:16:09.7884037Z Collecting typing-extensions>=4.0.0 (from beautifulsoup4->-r requirements.txt (line 2))
renew-vps	Install dependencies	2025-12-15T09:16:09.7955605Z   Downloading typing_extensions-4.15.0-py3-none-any.whl.metadata (3.3 kB)
renew-vps	Install dependencies	2025-12-15T09:16:09.8071510Z Downloading requests-2.32.5-py3-none-any.whl (64 kB)
renew-vps	Install dependencies	2025-12-15T09:16:09.8220398Z Downloading charset_normalizer-3.4.4-cp314-cp314-manylinux2014_x86_64.manylinux_2_17_x86_64.manylinux_2_28_x86_64.whl (152 kB)
renew-vps	Install dependencies	2025-12-15T09:16:09.8448442Z Downloading idna-3.11-py3-none-any.whl (71 kB)
renew-vps	Install dependencies	2025-12-15T09:16:09.8594619Z Downloading urllib3-2.6.2-py3-none-any.whl (131 kB)
renew-vps	Install dependencies	2025-12-15T09:16:09.8774548Z Downloading beautifulsoup4-4.14.3-py3-none-any.whl (107 kB)
renew-vps	Install dependencies	2025-12-15T09:16:09.8960859Z Downloading certifi-2025.11.12-py3-none-any.whl (159 kB)
renew-vps	Install dependencies	2025-12-15T09:16:09.9162086Z Downloading soupsieve-2.8-py3-none-any.whl (36 kB)
renew-vps	Install dependencies	2025-12-15T09:16:09.9260379Z Downloading typing_extensions-4.15.0-py3-none-any.whl (44 kB)
renew-vps	Install dependencies	2025-12-15T09:16:09.9531067Z Installing collected packages: urllib3, typing-extensions, soupsieve, idna, charset_normalizer, certifi, requests, beautifulsoup4
renew-vps	Install dependencies	2025-12-15T09:16:10.4210697Z 
renew-vps	Install dependencies	2025-12-15T09:16:10.4227940Z Successfully installed beautifulsoup4-4.14.3 certifi-2025.11.12 charset_normalizer-3.4.4 idna-3.11 requests-2.32.5 soupsieve-2.8 typing-extensions-4.15.0 urllib3-2.6.2
renew-vps	Run renewal script	Ôªø2025-12-15T09:16:10.4880662Z ##[group]Run python Euserv_Renewal.py
renew-vps	Run renewal script	2025-12-15T09:16:10.4881014Z [36;1mpython Euserv_Renewal.py[0m
renew-vps	Run renewal script	2025-12-15T09:16:10.4915944Z shell: /usr/bin/bash -e {0}
renew-vps	Run renewal script	2025-12-15T09:16:10.4916190Z env:
renew-vps	Run renewal script	2025-12-15T09:16:10.4916448Z   pythonLocation: /opt/hostedtoolcache/Python/3.14.2/x64
renew-vps	Run renewal script	2025-12-15T09:16:10.4916868Z   PKG_CONFIG_PATH: /opt/hostedtoolcache/Python/3.14.2/x64/lib/pkgconfig
renew-vps	Run renewal script	2025-12-15T09:16:10.4917272Z   Python_ROOT_DIR: /opt/hostedtoolcache/Python/3.14.2/x64
renew-vps	Run renewal script	2025-12-15T09:16:10.4917634Z   Python2_ROOT_DIR: /opt/hostedtoolcache/Python/3.14.2/x64
renew-vps	Run renewal script	2025-12-15T09:16:10.4917984Z   Python3_ROOT_DIR: /opt/hostedtoolcache/Python/3.14.2/x64
renew-vps	Run renewal script	2025-12-15T09:16:10.4918344Z   LD_LIBRARY_PATH: /opt/hostedtoolcache/Python/3.14.2/x64/lib
renew-vps	Run renewal script	2025-12-15T09:16:10.4918887Z   EUSERV_USERNAME: ***
renew-vps	Run renewal script	2025-12-15T09:16:10.4919134Z   EUSERV_PASSWORD: ***
renew-vps	Run renewal script	2025-12-15T09:16:10.4919353Z   EUSERV_2FA: ***
renew-vps	Run renewal script	2025-12-15T09:16:10.4919573Z   CAPTCHA_USERID: ***
renew-vps	Run renewal script	2025-12-15T09:16:10.4919808Z   CAPTCHA_APIKEY: ***
renew-vps	Run renewal script	2025-12-15T09:16:10.4920030Z   EMAIL_HOST: ***
renew-vps	Run renewal script	2025-12-15T09:16:10.4920307Z   EMAIL_USERNAME: ***
renew-vps	Run renewal script	2025-12-15T09:16:10.4920538Z   EMAIL_PASSWORD: ***
renew-vps	Run renewal script	2025-12-15T09:16:10.4920823Z   NOTIFICATION_EMAIL: ***
renew-vps	Run renewal script	2025-12-15T09:16:10.4921045Z ##[endgroup]
renew-vps	Run renewal script	2025-12-15T09:16:16.2162955Z --- ÂºÄÂßã Euserv Ëá™Âä®Áª≠Êúü‰ªªÂä° ---
renew-vps	Run renewal script	2025-12-15T09:16:16.2163846Z Ê£ÄÊµãÂà∞ÂõæÁâáÈ™åËØÅÁ†ÅÔºåÊ≠£Âú®Â§ÑÁêÜ...
renew-vps	Run renewal script	2025-12-15T09:16:16.2164424Z Ê≠£Âú®‰ª•‚Äú‰ºòÂÖàÊï∞Â≠¶Ê®°Âºè‚ÄùË∞ÉÁî®TrueCaptcha API...
renew-vps	Run renewal script	2025-12-15T09:16:16.2165604Z Êï∞Â≠¶Ê®°ÂºèAPIË∞ÉÁî®Â§±Ë¥•: 502 Server Error: Bad Gateway for url: https://api.apitruecaptcha.org/one/gettextÔºåÂ∞ùËØïÊñáÊú¨Ê®°Âºè...
renew-vps	Run renewal script	2025-12-15T09:16:16.2166689Z Ê≠£Âú®‰ª•‚ÄúÁ∫ØÊñáÊú¨Ê®°Âºè‚ÄùÂÜçÊ¨°Ë∞ÉÁî®TrueCaptcha API...
renew-vps	Run renewal script	2025-12-15T09:16:16.2167732Z ‚ùó ËÑöÊú¨ÊâßË°åËøáÁ®ã‰∏≠ÂèëÁîüËá¥ÂëΩÈîôËØØ: 502 Server Error: Bad Gateway for url: https://api.apitruecaptcha.org/one/gettext
renew-vps	Run renewal script	2025-12-15T09:16:16.2168557Z Ê≠£Âú®ÂáÜÂ§áÂèëÈÄÅÁä∂ÊÄÅÈÄöÁü•ÈÇÆ‰ª∂...
renew-vps	Run renewal script	2025-12-15T09:16:16.2168872Z üéâ Áä∂ÊÄÅÈÄöÁü•ÈÇÆ‰ª∂Â∑≤ÊàêÂäüÂèëÈÄÅÔºÅ
renew-vps	Run renewal script	2025-12-15T09:16:16.2171042Z Traceback (most recent call last):
renew-vps	Run renewal script	2025-12-15T09:16:16.2186217Z   File "/home/runner/work/euserv-renewal-bot/euserv-renewal-bot/Euserv_Renewal.py", line 484, in <module>
renew-vps	Run renewal script	2025-12-15T09:16:16.2186796Z     main()
renew-vps	Run renewal script	2025-12-15T09:16:16.2187021Z     ~~~~^^
renew-vps	Run renewal script	2025-12-15T09:16:16.2187480Z   File "/home/runner/work/euserv-renewal-bot/euserv-renewal-bot/Euserv_Renewal.py", line 460, in main
renew-vps	Run renewal script	2025-12-15T09:16:16.2188030Z     sess_id, s = login(EUSERV_USERNAME, EUSERV_PASSWORD)
renew-vps	Run renewal script	2025-12-15T09:16:16.2188337Z                  ~~~~~^^^^^^^^^^^^^^^^^^^^^^^^^^^^^^^^^^
renew-vps	Run renewal script	2025-12-15T09:16:16.2188838Z   File "/home/runner/work/euserv-renewal-bot/euserv-renewal-bot/Euserv_Renewal.py", line 99, in wrapper
renew-vps	Run renewal script	2025-12-15T09:16:16.2189320Z     sess_id, session = func(*args, **kwargs)
renew-vps	Run renewal script	2025-12-15T09:16:16.2189583Z                        ~~~~^^^^^^^^^^^^^^^^^
renew-vps	Run renewal script	2025-12-15T09:16:16.2190060Z   File "/home/runner/work/euserv-renewal-bot/euserv-renewal-bot/Euserv_Renewal.py", line 269, in login
renew-vps	Run renewal script	2025-12-15T09:16:16.2190644Z     success, f = _handle_captcha(session, sess_id, headers, url, captcha_image_url)
renew-vps	Run renewal script	2025-12-15T09:16:16.2191042Z                  ~~~~~~~~~~~~~~~^^^^^^^^^^^^^^^^^^^^^^^^^^^^^^^^^^^^^^^^^^^^^^^^^^^
renew-vps	Run renewal script	2025-12-15T09:16:16.2191599Z   File "/home/runner/work/euserv-renewal-bot/euserv-renewal-bot/Euserv_Renewal.py", line 193, in _handle_captcha
renew-vps	Run renewal script	2025-12-15T09:16:16.2192144Z     captcha_code = solve_captcha(image_res.content)
renew-vps	Run renewal script	2025-12-15T09:16:16.2192924Z   File "/home/runner/work/euserv-renewal-bot/euserv-renewal-bot/Euserv_Renewal.py", line 176, in solve_captcha
renew-vps	Run renewal script	2025-12-15T09:16:16.2193451Z     result_data = _call_captcha_api(url, data_text)
renew-vps	Run renewal script	2025-12-15T09:16:16.2194012Z   File "/home/runner/work/euserv-renewal-bot/euserv-renewal-bot/Euserv_Renewal.py", line 122, in _call_captcha_api
renew-vps	Run renewal script	2025-12-15T09:16:16.2194531Z     api_response.raise_for_status()
renew-vps	Run renewal script	2025-12-15T09:16:16.2194785Z     ~~~~~~~~~~~~~~~~~~~~~~~~~~~~~^^
renew-vps	Run renewal script	2025-12-15T09:16:16.2195347Z   File "/opt/hostedtoolcache/Python/3.14.2/x64/lib/python3.14/site-packages/requests/models.py", line 1026, in raise_for_status
renew-vps	Run renewal script	2025-12-15T09:16:16.2195930Z     raise HTTPError(http_error_msg, response=self)
renew-vps	Run renewal script	2025-12-15T09:16:16.2196455Z requests.exceptions.HTTPError: 502 Server Error: Bad Gateway for url: https://api.apitruecaptcha.org/one/gettext
renew-vps	Run renewal script	2025-12-15T09:16:16.2468857Z ##[error]Process completed with exit code 1.
renew-vps	Post Checkout repository	Ôªø2025-12-15T09:16:16.2561242Z Post job cleanup.
renew-vps	Post Checkout repository	2025-12-15T09:16:16.3493678Z [command]/usr/bin/git version
renew-vps	Post Checkout repository	2025-12-15T09:16:16.3529098Z git version 2.52.0
renew-vps	Post Checkout repository	2025-12-15T09:16:16.3573347Z Temporarily overriding HOME='/home/runner/work/_temp/c08da864-46dd-4ed7-9414-33553a60cb8e' before making global git config changes
renew-vps	Post Checkout repository	2025-12-15T09:16:16.3574765Z Adding repository directory to the temporary git global config as a safe directory
renew-vps	Post Checkout repository	2025-12-15T09:16:16.3579936Z [command]/usr/bin/git config --global --add safe.directory /home/runner/work/euserv-renewal-bot/euserv-renewal-bot
renew-vps	Post Checkout repository	2025-12-15T09:16:16.3620936Z [command]/usr/bin/git config --local --name-only --get-regexp core\.sshCommand
renew-vps	Post Checkout repository	2025-12-15T09:16:16.3655904Z [command]/usr/bin/git submodule foreach --recursive sh -c "git config --local --name-only --get-regexp 'core\.sshCommand' && git config --local --unset-all 'core.sshCommand' || :"
renew-vps	Post Checkout repository	2025-12-15T09:16:16.3875357Z fatal: No url found for submodule path 'euserv-renewal-bot' in .gitmodules
renew-vps	Post Checkout repository	2025-12-15T09:16:16.3915152Z ##[warning]The process '/usr/bin/git' failed with exit code 128
renew-vps	Complete job	Ôªø2025-12-15T09:16:16.3993376Z Cleaning up orphan processes
